// Jest Snapshot v1, https://goo.gl/fbAQLP

exports[`BluetoothHelp renders screen 1`] = `
<RNCSafeAreaView
  edges={
    {
      "bottom": "additive",
      "left": "off",
      "right": "off",
      "top": "off",
    }
  }
  style={
    {
      "backgroundColor": "rgba(27, 27, 27, 1)",
      "flex": 1,
    }
  }
>
  <View
    style={
      [
        {
          "backgroundColor": "rgba(27, 27, 27, 1)",
          "borderBottomLeftRadius": 24,
          "borderBottomRightRadius": 24,
          "elevation": 12,
          "shadowColor": "rgba(0, 0, 0, 1)",
          "shadowOffset": {
            "height": 4,
            "width": 4,
          },
          "shadowOpacity": 0.2,
          "shadowRadius": 12,
          "zIndex": 1,
        },
        {
          "paddingTop": 0,
        },
      ]
    }
  >
    <View
      style={
        {
          "alignItems": "center",
          "flexDirection": "row",
          "height": 60,
          "justifyContent": "center",
          "marginHorizontal": 24,
        }
      }
    >
      <View
        accessibilityState={
          {
            "busy": undefined,
            "checked": undefined,
            "disabled": undefined,
            "expanded": undefined,
            "selected": undefined,
          }
        }
        accessibilityValue={
          {
            "max": undefined,
            "min": undefined,
            "now": undefined,
            "text": undefined,
          }
        }
        accessible={true}
        collapsable={false}
        focusable={true}
        hitSlop={20}
        onBlur={[Function]}
        onClick={[Function]}
        onFocus={[Function]}
        onResponderGrant={[Function]}
        onResponderMove={[Function]}
        onResponderRelease={[Function]}
        onResponderTerminate={[Function]}
        onResponderTerminationRequest={[Function]}
        onStartShouldSetResponder={[Function]}
        style={
          [
            {
              "opacity": 1,
            },
            {
              "left": 0,
              "padding": 10,
              "position": "absolute",
            },
          ]
        }
      >
        <SvgMock />
      </View>
      <View
        style={
          {
            "alignItems": "center",
            "marginHorizontal": 48,
          }
        }
      >
        <Text
          numberOfLines={1}
          style={
            {
              "color": "rgba(255, 255, 255, 1)",
              "fontFamily": "RobotoCondensed-Medium",
              "fontSize": 20,
              "fontWeight": "500",
              "lineHeight": 32,
            }
          }
        >
          Phone Bluetooth
        </Text>
      </View>
    </View>
  </View>
  <View
    style={
      {
        "backgroundColor": "rgba(27, 27, 27, 1)",
        "flex": 1,
        "paddingBottom": 0,
        "paddingHorizontal": 24,
      }
    }
  >
    <RCTScrollView
      showsVerticalScrollIndicator={false}
    >
      <View>
        <View
          style={
            [
              {
                "backgroundColor": "rgba(27, 27, 27, 1)",
                "borderRadius": 16,
                "paddingHorizontal": 12,
                "paddingVertical": 15,
              },
              undefined,
              {
                "marginBottom": 8,
                "marginHorizontal": 1,
                "paddingVertical": 16,
              },
              undefined,
            ]
          }
        >
          <View
            style={
              [
                {
                  "flexDirection": "row",
                },
                undefined,
              ]
            }
          >
            <View
              style={
                {
                  "alignItems": "center",
                  "height": 32,
                  "justifyContent": "center",
                  "width": 32,
                }
              }
            >
              <SvgMock
                color="rgba(255, 255, 255, 0.6)"
                height={24}
                width={24}
              />
            </View>
            <View
              style={
                [
                  {
                    "flex": 1,
                    "paddingLeft": 12,
                    "paddingRight": 12,
                  },
                  undefined,
                  {
                    "paddingRight": 0,
                  },
                ]
              }
            >
              <Text
                style={
                  [
                    {
                      "color": "rgba(255, 255, 255, 0.87)",
                      "fontFamily": "Roboto-Medium",
                      "fontSize": 12,
                      "fontWeight": "300",
                      "lineHeight": 16,
                      "marginBottom": 4,
                    },
                    undefined,
                  ]
                }
              >
                Enable Bluetooth and allow Bluetooth access on your phone.
              </Text>
            </View>
          </View>
        </View>
        <Image
          resizeMode="cover"
          source={
            {
              "testUri": "../../../App/Images/selectBluetoothIos.png",
            }
          }
          style={
            {
              "borderColor": "rgba(54, 54, 54, 1)",
              "borderRadius": 8,
              "borderWidth": 1,
              "height": 180,
              "marginBottom": 24,
              "width": 702,
            }
          }
        />
        <Image
          resizeMode="cover"
          source={
            {
              "testUri": "../../../App/Images/selectBluetoothAccessIos.png",
            }
          }
          style={
            [
              {
                "borderColor": "rgba(54, 54, 54, 1)",
                "borderRadius": 8,
                "borderWidth": 1,
                "height": 180,
                "marginBottom": 24,
                "width": 702,
              },
              {
                "marginBottom": 8,
              },
            ]
          }
        />
        <View
          style={
            [
              {
                "backgroundColor": "rgba(27, 27, 27, 1)",
                "borderRadius": 16,
                "paddingHorizontal": 12,
                "paddingVertical": 15,
              },
              undefined,
              {
                "marginBottom": 8,
                "marginHorizontal": 1,
                "paddingVertical": 16,
              },
              undefined,
            ]
          }
        >
          <View
            style={
              [
                {
                  "flexDirection": "row",
                },
                undefined,
              ]
            }
          >
            <View
              style={
                {
                  "alignItems": "center",
                  "height": 32,
                  "justifyContent": "center",
                  "width": 32,
                }
              }
            >
              <SvgMock
                height={24}
                width={24}
              />
            </View>
            <View
              style={
                [
                  {
                    "flex": 1,
                    "paddingLeft": 12,
                    "paddingRight": 12,
                  },
                  undefined,
                  {
                    "paddingRight": 0,
                  },
                ]
              }
            >
              <Text
                style={
                  [
                    {
                      "color": "rgba(255, 255, 255, 0.87)",
                      "fontFamily": "Roboto-Medium",
                      "fontSize": 12,
                      "fontWeight": "300",
                      "lineHeight": 16,
                      "marginBottom": 4,
                    },
                    undefined,
                  ]
                }
              >
                Allow New Connections if new bluetooth connections have been turned off from the Control Center.
              </Text>
            </View>
          </View>
        </View>
        <Image
          resizeMode="contain"
          source={
            {
              "testUri": "../../../App/Images/selectBluetoothNewConnectionsIos.png",
            }
          }
          style={
            [
              {
                "borderColor": "rgba(54, 54, 54, 1)",
                "borderRadius": 8,
                "borderWidth": 1,
                "height": 180,
                "marginBottom": 24,
                "width": 702,
              },
              {
                "height": 90,
              },
            ]
          }
        />
      </View>
    </RCTScrollView>
    <View
      accessibilityState={
        {
          "busy": undefined,
          "checked": undefined,
          "disabled": undefined,
          "expanded": undefined,
          "selected": undefined,
        }
      }
      accessibilityValue={
        {
          "max": undefined,
          "min": undefined,
          "now": undefined,
          "text": undefined,
        }
      }
      accessible={true}
      collapsable={false}
      focusable={true}
      onBlur={[Function]}
      onClick={[Function]}
      onFocus={[Function]}
      onResponderGrant={[Function]}
      onResponderMove={[Function]}
      onResponderRelease={[Function]}
      onResponderTerminate={[Function]}
      onResponderTerminationRequest={[Function]}
      onStartShouldSetResponder={[Function]}
      style={
        [
          {
            "opacity": 1,
          },
          [
            {
              "elevation": 12,
              "shadowColor": "rgba(0, 0, 0, 1)",
              "shadowOffset": {
                "height": 4,
                "width": 4,
              },
              "shadowOpacity": 0.2,
              "shadowRadius": 12,
            },
            undefined,
          ],
        ]
      }
    >
      <View
        style={
          {
            "borderRadius": 24,
            "overflow": "hidden",
          }
        }
      >
        <RNSVGSvgView
          bbHeight="48"
          bbWidth="100%"
          focusable={false}
          height={48}
          style={
            [
              {
                "backgroundColor": "transparent",
                "borderWidth": 0,
              },
              {
                "flex": 0,
                "height": 48,
                "width": "100%",
              },
            ]
          }
          width="100%"
        >
          <RNSVGGroup
            fill={
              {
                "payload": 4278190080,
                "type": 0,
              }
            }
          >
            <RNSVGDefs>
              <RNSVGLinearGradient
                gradient={
                  [
                    0,
                    -13224394,
                    1,
                    1776411,
                  ]
                }
                gradientTransform={null}
                gradientUnits={0}
                name="grad"
                x1="0"
                x2="0"
                y1="0"
                y2="0.5"
              />
            </RNSVGDefs>
            <RNSVGRect
              fill={
                {
                  "brushRef": "grad",
                  "type": 1,
                }
              }
              height="48"
              propList={
                [
                  "fill",
                ]
              }
              width="100%"
              x="0"
              y="0"
            />
            <View
              style={
                [
                  {
                    "borderRadius": 24,
                    "marginHorizontal": 1,
                    "marginTop": 1,
                  },
                  {
                    "backgroundColor": "rgba(191, 210, 43, 1)",
                    "height": 46,
                  },
                ]
              }
            >
              <View
                style={
                  [
                    {
                      "alignItems": "center",
                      "flexDirection": "row",
                      "justifyContent": "center",
                      "paddingVertical": 12,
                    },
                    undefined,
                  ]
                }
              >
                <View
                  style={
                    {
                      "alignItems": "center",
                      "flexDirection": "row",
                    }
                  }
                >
                  <Text
                    style={
                      [
                        {
                          "color": "rgba(255, 255, 255, 1)",
                          "fontFamily": "Roboto-Medium",
                          "fontSize": 14,
                          "fontWeight": "700",
                          "lineHeight": 20,
                          "textTransform": "uppercase",
                        },
                        {
                          "color": "rgba(27, 27, 27, 1)",
                        },
                        undefined,
                      ]
                    }
                  >
                    Go to Settings
                  </Text>
                </View>
              </View>
            </View>
          </RNSVGGroup>
        </RNSVGSvgView>
      </View>
    </View>
  </View>
</RNCSafeAreaView>
`;
