// Jest Snapshot v1, https://goo.gl/fbAQLP

exports[`ConnectYeti renders screen 1`] = `
<RNCSafeAreaView
  edges={
    {
      "bottom": "additive",
      "left": "off",
      "right": "off",
      "top": "off",
    }
  }
  style={
    {
      "backgroundColor": "rgba(27, 27, 27, 1)",
      "flex": 1,
    }
  }
>
  <View
    style={
      [
        {
          "backgroundColor": "rgba(27, 27, 27, 1)",
          "borderBottomLeftRadius": 24,
          "borderBottomRightRadius": 24,
          "elevation": 12,
          "shadowColor": "rgba(0, 0, 0, 1)",
          "shadowOffset": {
            "height": 4,
            "width": 4,
          },
          "shadowOpacity": 0.2,
          "shadowRadius": 12,
          "zIndex": 1,
        },
        {
          "paddingTop": 0,
        },
      ]
    }
  >
    <View
      style={
        {
          "alignItems": "center",
          "flexDirection": "row",
          "height": 60,
          "justifyContent": "center",
          "marginHorizontal": 24,
        }
      }
    >
      <View
        accessibilityState={
          {
            "busy": undefined,
            "checked": undefined,
            "disabled": undefined,
            "expanded": undefined,
            "selected": undefined,
          }
        }
        accessibilityValue={
          {
            "max": undefined,
            "min": undefined,
            "now": undefined,
            "text": undefined,
          }
        }
        accessible={true}
        collapsable={false}
        focusable={true}
        hitSlop={20}
        onBlur={[Function]}
        onClick={[Function]}
        onFocus={[Function]}
        onResponderGrant={[Function]}
        onResponderMove={[Function]}
        onResponderRelease={[Function]}
        onResponderTerminate={[Function]}
        onResponderTerminationRequest={[Function]}
        onStartShouldSetResponder={[Function]}
        style={
          [
            {
              "opacity": 1,
            },
            {
              "left": 0,
              "padding": 10,
              "position": "absolute",
            },
          ]
        }
      >
        <SvgMock />
      </View>
      <View
        style={
          {
            "alignItems": "center",
            "marginHorizontal": 48,
          }
        }
      >
        <Text
          numberOfLines={1}
          style={
            {
              "color": "rgba(255, 255, 255, 1)",
              "fontFamily": "RobotoCondensed-Medium",
              "fontSize": 20,
              "fontWeight": "500",
              "lineHeight": 32,
            }
          }
        >
          NaN Connect
        </Text>
      </View>
    </View>
  </View>
  <View
    collapsable={false}
    style={
      {
        "backgroundColor": "rgba(255, 255, 255, 0.05)",
        "height": 4,
        "opacity": 1,
        "width": 750,
      }
    }
    testID="progressLoader"
  >
    <View
      collapsable={false}
      style={
        {
          "backgroundColor": "rgba(191, 210, 43, 1)",
          "bottom": 0,
          "left": 0,
          "position": "absolute",
          "right": 0,
          "top": 0,
          "width": 0,
        }
      }
    />
  </View>
  <View
    style={
      {
        "backgroundColor": "rgba(27, 27, 27, 1)",
        "flex": 1,
        "paddingBottom": 0,
        "paddingHorizontal": 24,
      }
    }
  >
    <RCTScrollView
      showsVerticalScrollIndicator={false}
      style={
        {
          "flex": 1,
          "marginBottom": 80,
        }
      }
    >
      <View>
        <View
          style={
            {
              "alignItems": "center",
              "justifyContent": "center",
            }
          }
        >
          <View
            style={
              [
                {
                  "alignItems": "center",
                  "borderRadius": 136,
                  "borderStyle": "dashed",
                  "borderWidth": 2,
                  "height": 272,
                  "justifyContent": "center",
                  "marginBottom": 24,
                  "marginTop": 48,
                  "width": 272,
                },
                {
                  "borderColor": "rgba(39, 39, 39, 1)",
                },
              ]
            }
            testID="pairingIndicator"
          >
            <View
              style={
                {
                  "position": "absolute",
                  "top": -35,
                }
              }
            >
              <SvgMock />
            </View>
            <View
              style={
                [
                  {
                    "alignItems": "center",
                    "borderRadius": 104,
                    "borderWidth": 2,
                    "height": 208,
                    "justifyContent": "center",
                    "width": 208,
                  },
                  {
                    "borderColor": "rgba(39, 39, 39, 1)",
                  },
                ]
              }
            >
              <View
                style={
                  [
                    {
                      "alignItems": "center",
                      "borderRadius": 72,
                      "borderWidth": 2,
                      "height": 144,
                      "justifyContent": "center",
                      "width": 144,
                    },
                    {
                      "borderColor": "rgba(191, 210, 43, 1)",
                    },
                  ]
                }
              >
                <View
                  style={
                    {
                      "position": "absolute",
                      "zIndex": 1,
                    }
                  }
                >
                  <SvgMock />
                </View>
              </View>
            </View>
            <View
              style={
                {
                  "bottom": -40,
                  "position": "absolute",
                  "zIndex": 10,
                }
              }
            >
              <SvgMock />
            </View>
          </View>
        </View>
        <Text
          style={
            {
              "alignSelf": "center",
              "color": "rgba(255, 255, 255, 1)",
              "fontFamily": "RobotoCondensed-Medium",
              "fontSize": 20,
              "fontWeight": "500",
              "lineHeight": 32,
              "marginTop": 24,
            }
          }
        >
          Connecting Yeti...
        </Text>
        <Text
          style={
            {
              "alignSelf": "center",
              "color": "rgba(255, 255, 255, 0.87)",
              "fontFamily": "Roboto-Medium",
              "fontSize": 16,
              "fontWeight": "400",
              "lineHeight": 24,
              "marginTop": 8,
              "textAlign": "center",
            }
          }
        >
          Don't lock the device or switch apps
 while connecting.

        </Text>
      </View>
    </RCTScrollView>
  </View>
</RNCSafeAreaView>
`;
