// Jest Snapshot v1, https://goo.gl/fbAQLP

exports[`SelectConnect renders screen 1`] = `
<RNCSafeAreaView
  edges={
    {
      "bottom": "additive",
      "left": "off",
      "right": "off",
      "top": "off",
    }
  }
  style={
    {
      "backgroundColor": "rgba(27, 27, 27, 1)",
      "flex": 1,
    }
  }
>
  <View
    style={
      [
        {
          "backgroundColor": "rgba(27, 27, 27, 1)",
          "borderBottomLeftRadius": 24,
          "borderBottomRightRadius": 24,
          "elevation": 12,
          "shadowColor": "rgba(0, 0, 0, 1)",
          "shadowOffset": {
            "height": 4,
            "width": 4,
          },
          "shadowOpacity": 0.2,
          "shadowRadius": 12,
          "zIndex": 1,
        },
        {
          "paddingTop": 0,
        },
      ]
    }
  >
    <View
      style={
        {
          "alignItems": "center",
          "flexDirection": "row",
          "height": 60,
          "justifyContent": "center",
          "marginHorizontal": 24,
        }
      }
    >
      <View
        accessibilityState={
          {
            "busy": undefined,
            "checked": undefined,
            "disabled": undefined,
            "expanded": undefined,
            "selected": undefined,
          }
        }
        accessibilityValue={
          {
            "max": undefined,
            "min": undefined,
            "now": undefined,
            "text": undefined,
          }
        }
        accessible={true}
        collapsable={false}
        focusable={true}
        hitSlop={20}
        onBlur={[Function]}
        onClick={[Function]}
        onFocus={[Function]}
        onResponderGrant={[Function]}
        onResponderMove={[Function]}
        onResponderRelease={[Function]}
        onResponderTerminate={[Function]}
        onResponderTerminationRequest={[Function]}
        onStartShouldSetResponder={[Function]}
        style={
          [
            {
              "opacity": 1,
            },
            {
              "left": 0,
              "padding": 10,
              "position": "absolute",
            },
          ]
        }
      >
        <SvgMock />
      </View>
      <View
        style={
          {
            "alignItems": "center",
            "marginHorizontal": 48,
          }
        }
      >
        <Text
          numberOfLines={1}
          style={
            {
              "color": "rgba(255, 255, 255, 1)",
              "fontFamily": "RobotoCondensed-Medium",
              "fontSize": 20,
              "fontWeight": "500",
              "lineHeight": 32,
            }
          }
        >
          Select Connection
        </Text>
      </View>
    </View>
  </View>
  <View
    style={
      {
        "backgroundColor": "rgba(27, 27, 27, 1)",
        "flex": 1,
        "paddingBottom": 0,
        "paddingHorizontal": 24,
      }
    }
  >
    <View
      style={
        {
          "flex": 1,
        }
      }
    >
      <RCTScrollView
        showsVerticalScrollIndicator={false}
      >
        <View>
          <View
            style={
              [
                {
                  "backgroundColor": "rgba(27, 27, 27, 1)",
                  "borderRadius": 16,
                  "paddingHorizontal": 12,
                  "paddingVertical": 15,
                },
                undefined,
                {
                  "marginBottom": 8,
                  "marginHorizontal": 1,
                  "paddingVertical": 16,
                },
                undefined,
              ]
            }
          >
            <View
              style={
                [
                  {
                    "flexDirection": "row",
                  },
                  undefined,
                ]
              }
            >
              <View
                style={
                  {
                    "alignItems": "center",
                    "height": 32,
                    "justifyContent": "center",
                    "width": 32,
                  }
                }
              >
                <SvgMock
                  color="rgba(255, 255, 255, 0.6)"
                />
              </View>
              <View
                style={
                  [
                    {
                      "flex": 1,
                      "paddingLeft": 12,
                      "paddingRight": 12,
                    },
                    undefined,
                    {
                      "paddingRight": 0,
                    },
                  ]
                }
              >
                <Text
                  style={
                    [
                      {
                        "color": "rgba(255, 255, 255, 0.87)",
                        "fontFamily": "Roboto-Medium",
                        "fontSize": 16,
                        "fontWeight": "400",
                        "lineHeight": 24,
                        "marginVertical": 4,
                      },
                      undefined,
                    ]
                  }
                >
                  Cloud Connect
                </Text>
                <Text
                  style={
                    {
                      "color": "rgba(255, 255, 255, 0.87)",
                      "fontFamily": "Roboto-Medium",
                      "fontSize": 12,
                      "fontWeight": "300",
                      "lineHeight": 16,
                      "marginBottom": 4,
                    }
                  }
                >
                  Best for home use
                </Text>
                <Text
                  style={
                    {
                      "color": "rgba(255, 255, 255, 0.87)",
                      "fontFamily": "Roboto-Medium",
                      "fontSize": 12,
                      "fontWeight": "300",
                      "lineHeight": 16,
                      "marginBottom": 4,
                    }
                  }
                >
                  Use Cloud Connect to set up your device through your internet network. This lets you control your device from anywhere you have internet access, using your phone. It also allows feature updates.
                </Text>
                <Text
                  style={
                    {
                      "color": "rgba(255, 255, 255, 0.87)",
                      "fontFamily": "Roboto-Medium",
                      "fontSize": 12,
                      "fontWeight": "300",
                      "lineHeight": 16,
                      "marginBottom": 4,
                    }
                  }
                >
                  <Text
                    style={
                      {
                        "color": "rgba(255, 205, 29, 1)",
                      }
                    }
                  >
                    Note: 
                  </Text>
                  Cloud Connect requires an internet connection and Goal Zero log in.
                </Text>
              </View>
            </View>
          </View>
          <View
            style={
              [
                {
                  "backgroundColor": "rgba(27, 27, 27, 1)",
                  "borderRadius": 16,
                  "paddingHorizontal": 12,
                  "paddingVertical": 15,
                },
                undefined,
                {
                  "marginBottom": 8,
                  "marginHorizontal": 1,
                  "paddingVertical": 16,
                },
                undefined,
              ]
            }
          >
            <View
              style={
                [
                  {
                    "flexDirection": "row",
                  },
                  {
                    "borderTopWidth": 0,
                  },
                ]
              }
            >
              <View
                style={
                  {
                    "alignItems": "center",
                    "height": 32,
                    "justifyContent": "center",
                    "width": 32,
                  }
                }
              >
                <SvgMock
                  color="rgba(255, 255, 255, 0.6)"
                />
              </View>
              <View
                style={
                  [
                    {
                      "flex": 1,
                      "paddingLeft": 12,
                      "paddingRight": 12,
                    },
                    undefined,
                    {
                      "paddingRight": 0,
                    },
                  ]
                }
              >
                <Text
                  style={
                    [
                      {
                        "color": "rgba(255, 255, 255, 0.87)",
                        "fontFamily": "Roboto-Medium",
                        "fontSize": 16,
                        "fontWeight": "400",
                        "lineHeight": 24,
                        "marginVertical": 4,
                      },
                      undefined,
                    ]
                  }
                >
                  Direct Connect
                </Text>
                <Text
                  style={
                    {
                      "color": "rgba(255, 255, 255, 0.87)",
                      "fontFamily": "Roboto-Medium",
                      "fontSize": 12,
                      "fontWeight": "300",
                      "lineHeight": 16,
                      "marginBottom": 4,
                    }
                  }
                >
                  Best for off-grid use
                </Text>
                <Text
                  style={
                    {
                      "color": "rgba(255, 255, 255, 0.87)",
                      "fontFamily": "Roboto-Medium",
                      "fontSize": 12,
                      "fontWeight": "300",
                      "lineHeight": 16,
                      "marginBottom": 4,
                    }
                  }
                >
                  Use Direct Connect to set up your device through Bluetooth. You will be able to control your device from your phone when you are within 50 feet of the device.
                </Text>
                <Text
                  style={
                    {
                      "color": "rgba(255, 255, 255, 0.87)",
                      "fontFamily": "Roboto-Medium",
                      "fontSize": 12,
                      "fontWeight": "300",
                      "lineHeight": 16,
                      "marginBottom": 4,
                    }
                  }
                >
                  <Text
                    style={
                      {
                        "color": "rgba(255, 205, 29, 1)",
                      }
                    }
                  >
                    Note: 
                  </Text>
                  Automatic feature updates are not available through Direct Connect.
                </Text>
              </View>
            </View>
          </View>
        </View>
      </RCTScrollView>
    </View>
    <View
      style={
        {
          "flexDirection": "row",
          "marginBottom": 8,
        }
      }
    >
      <View
        accessibilityState={
          {
            "busy": undefined,
            "checked": undefined,
            "disabled": undefined,
            "expanded": undefined,
            "selected": undefined,
          }
        }
        accessibilityValue={
          {
            "max": undefined,
            "min": undefined,
            "now": undefined,
            "text": undefined,
          }
        }
        accessible={true}
        collapsable={false}
        focusable={true}
        onBlur={[Function]}
        onClick={[Function]}
        onFocus={[Function]}
        onResponderGrant={[Function]}
        onResponderMove={[Function]}
        onResponderRelease={[Function]}
        onResponderTerminate={[Function]}
        onResponderTerminationRequest={[Function]}
        onStartShouldSetResponder={[Function]}
        style={
          [
            {
              "opacity": 1,
            },
            [
              {
                "elevation": 12,
                "shadowColor": "rgba(0, 0, 0, 1)",
                "shadowOffset": {
                  "height": 4,
                  "width": 4,
                },
                "shadowOpacity": 0.2,
                "shadowRadius": 12,
              },
              {
                "flex": 1,
                "marginRight": 8,
              },
            ],
          ]
        }
        testID="btnDirect"
      >
        <View
          style={
            {
              "borderRadius": 24,
              "overflow": "hidden",
            }
          }
        >
          <RNSVGSvgView
            bbHeight="48"
            bbWidth="100%"
            focusable={false}
            height={48}
            style={
              [
                {
                  "backgroundColor": "transparent",
                  "borderWidth": 0,
                },
                {
                  "flex": 0,
                  "height": 48,
                  "width": "100%",
                },
              ]
            }
            width="100%"
          >
            <RNSVGGroup
              fill={
                {
                  "payload": 4278190080,
                  "type": 0,
                }
              }
            >
              <RNSVGDefs>
                <RNSVGLinearGradient
                  gradient={
                    [
                      0,
                      -13224394,
                      1,
                      1776411,
                    ]
                  }
                  gradientTransform={null}
                  gradientUnits={0}
                  name="grad"
                  x1="0"
                  x2="0"
                  y1="0"
                  y2="0.5"
                />
              </RNSVGDefs>
              <RNSVGRect
                fill={
                  {
                    "brushRef": "grad",
                    "type": 1,
                  }
                }
                height="48"
                propList={
                  [
                    "fill",
                  ]
                }
                width="100%"
                x="0"
                y="0"
              />
              <View
                style={
                  [
                    {
                      "borderRadius": 24,
                      "marginHorizontal": 1,
                      "marginTop": 1,
                    },
                    {
                      "backgroundColor": "rgba(27, 27, 27, 1)",
                      "height": 46,
                    },
                  ]
                }
              >
                <View
                  style={
                    [
                      {
                        "alignItems": "center",
                        "flexDirection": "row",
                        "justifyContent": "center",
                        "paddingVertical": 12,
                      },
                      undefined,
                    ]
                  }
                >
                  <View
                    style={
                      {
                        "alignItems": "center",
                        "flexDirection": "row",
                      }
                    }
                  >
                    <Text
                      style={
                        [
                          {
                            "color": "rgba(255, 255, 255, 1)",
                            "fontFamily": "Roboto-Medium",
                            "fontSize": 14,
                            "fontWeight": "700",
                            "lineHeight": 20,
                            "textTransform": "uppercase",
                          },
                          {
                            "color": "rgba(191, 210, 43, 1)",
                          },
                          undefined,
                        ]
                      }
                    >
                      Direct
                    </Text>
                  </View>
                </View>
              </View>
            </RNSVGGroup>
          </RNSVGSvgView>
        </View>
      </View>
      <View
        accessibilityState={
          {
            "busy": undefined,
            "checked": undefined,
            "disabled": undefined,
            "expanded": undefined,
            "selected": undefined,
          }
        }
        accessibilityValue={
          {
            "max": undefined,
            "min": undefined,
            "now": undefined,
            "text": undefined,
          }
        }
        accessible={true}
        collapsable={false}
        focusable={true}
        onBlur={[Function]}
        onClick={[Function]}
        onFocus={[Function]}
        onResponderGrant={[Function]}
        onResponderMove={[Function]}
        onResponderRelease={[Function]}
        onResponderTerminate={[Function]}
        onResponderTerminationRequest={[Function]}
        onStartShouldSetResponder={[Function]}
        style={
          [
            {
              "opacity": 1,
            },
            [
              {
                "elevation": 12,
                "shadowColor": "rgba(0, 0, 0, 1)",
                "shadowOffset": {
                  "height": 4,
                  "width": 4,
                },
                "shadowOpacity": 0.2,
                "shadowRadius": 12,
              },
              {
                "flex": 1,
                "marginLeft": 8,
              },
            ],
          ]
        }
        testID="btnCloud"
      >
        <View
          style={
            {
              "borderRadius": 24,
              "overflow": "hidden",
            }
          }
        >
          <RNSVGSvgView
            bbHeight="48"
            bbWidth="100%"
            focusable={false}
            height={48}
            style={
              [
                {
                  "backgroundColor": "transparent",
                  "borderWidth": 0,
                },
                {
                  "flex": 0,
                  "height": 48,
                  "width": "100%",
                },
              ]
            }
            width="100%"
          >
            <RNSVGGroup
              fill={
                {
                  "payload": 4278190080,
                  "type": 0,
                }
              }
            >
              <RNSVGDefs>
                <RNSVGLinearGradient
                  gradient={
                    [
                      0,
                      -13224394,
                      1,
                      1776411,
                    ]
                  }
                  gradientTransform={null}
                  gradientUnits={0}
                  name="grad"
                  x1="0"
                  x2="0"
                  y1="0"
                  y2="0.5"
                />
              </RNSVGDefs>
              <RNSVGRect
                fill={
                  {
                    "brushRef": "grad",
                    "type": 1,
                  }
                }
                height="48"
                propList={
                  [
                    "fill",
                  ]
                }
                width="100%"
                x="0"
                y="0"
              />
              <View
                style={
                  [
                    {
                      "borderRadius": 24,
                      "marginHorizontal": 1,
                      "marginTop": 1,
                    },
                    {
                      "backgroundColor": "rgba(191, 210, 43, 1)",
                      "height": 46,
                    },
                  ]
                }
              >
                <View
                  style={
                    [
                      {
                        "alignItems": "center",
                        "flexDirection": "row",
                        "justifyContent": "center",
                        "paddingVertical": 12,
                      },
                      undefined,
                    ]
                  }
                >
                  <View
                    style={
                      {
                        "alignItems": "center",
                        "flexDirection": "row",
                      }
                    }
                  >
                    <Text
                      style={
                        [
                          {
                            "color": "rgba(255, 255, 255, 1)",
                            "fontFamily": "Roboto-Medium",
                            "fontSize": 14,
                            "fontWeight": "700",
                            "lineHeight": 20,
                            "textTransform": "uppercase",
                          },
                          {
                            "color": "rgba(27, 27, 27, 1)",
                          },
                          undefined,
                        ]
                      }
                    >
                      Cloud
                    </Text>
                  </View>
                </View>
              </View>
            </RNSVGGroup>
          </RNSVGSvgView>
        </View>
      </View>
    </View>
  </View>
</RNCSafeAreaView>
`;
