// Jest Snapshot v1, https://goo.gl/fbAQLP

exports[`SecretSettings renders screen 1`] = `
<View>
  <View
    accessibilityState={
      {
        "busy": undefined,
        "checked": undefined,
        "disabled": true,
        "expanded": undefined,
        "selected": undefined,
      }
    }
    accessibilityValue={
      {
        "max": undefined,
        "min": undefined,
        "now": undefined,
        "text": undefined,
      }
    }
    accessible={true}
    collapsable={false}
    focusable={true}
    onBlur={[Function]}
    onClick={[Function]}
    onFocus={[Function]}
    onResponderGrant={[Function]}
    onResponderMove={[Function]}
    onResponderRelease={[Function]}
    onResponderTerminate={[Function]}
    onResponderTerminationRequest={[Function]}
    onStartShouldSetResponder={[Function]}
    style={
      [
        {
          "opacity": 1,
        },
        [
          {
            "borderColor": "rgba(54, 54, 54, 1)",
            "borderWidth": 1,
            "flexDirection": "row",
            "justifyContent": "space-between",
            "paddingHorizontal": 12,
            "paddingVertical": 16,
          },
          {
            "borderTopLeftRadius": 16,
            "borderTopRightRadius": 16,
          },
          {
            "borderBottomLeftRadius": 16,
            "borderBottomRightRadius": 16,
          },
        ],
      ]
    }
  >
    <View
      style={
        [
          {
            "flex": 1,
            "justifyContent": "center",
          },
        ]
      }
    >
      <Text
        ellipsizeMode="tail"
        numberOfLines={1}
        style={
          [
            {
              "color": "rgba(255, 255, 255, 0.87)",
              "fontFamily": "Roboto-Medium",
              "fontSize": 16,
              "fontWeight": "400",
              "lineHeight": 24,
            },
          ]
        }
      >
        Title
      </Text>
    </View>
    <View
      style={
        [
          {
            "alignItems": "center",
            "flexDirection": "row",
          },
        ]
      }
    >
      <Text
        style={
          [
            {
              "color": "rgba(255, 255, 255, 0.87)",
              "fontFamily": "Roboto-Medium",
              "fontSize": 16,
              "fontWeight": "400",
              "lineHeight": 24,
            },
            undefined,
          ]
        }
      >
        Description
      </Text>
    </View>
  </View>
</View>
`;
