// Jest Snapshot v1, https://goo.gl/fbAQLP

exports[`Combiner renders screen 1`] = `
<View
  style={
    {
      "backgroundColor": "rgba(27, 27, 27, 1)",
      "flex": 1,
    }
  }
>
  <View
    style={
      [
        {
          "backgroundColor": "rgba(27, 27, 27, 1)",
          "borderBottomLeftRadius": 24,
          "borderBottomRightRadius": 24,
          "elevation": 12,
          "shadowColor": "rgba(0, 0, 0, 1)",
          "shadowOffset": {
            "height": 4,
            "width": 4,
          },
          "shadowOpacity": 0.2,
          "shadowRadius": 12,
          "zIndex": 1,
        },
        {
          "paddingTop": 0,
        },
      ]
    }
  >
    <View
      style={
        {
          "alignItems": "center",
          "flexDirection": "row",
          "height": 60,
          "justifyContent": "center",
          "marginHorizontal": 24,
        }
      }
    >
      <View
        accessibilityState={
          {
            "busy": undefined,
            "checked": undefined,
            "disabled": undefined,
            "expanded": undefined,
            "selected": undefined,
          }
        }
        accessibilityValue={
          {
            "max": undefined,
            "min": undefined,
            "now": undefined,
            "text": undefined,
          }
        }
        accessible={true}
        collapsable={false}
        focusable={true}
        hitSlop={20}
        onBlur={[Function]}
        onClick={[Function]}
        onFocus={[Function]}
        onResponderGrant={[Function]}
        onResponderMove={[Function]}
        onResponderRelease={[Function]}
        onResponderTerminate={[Function]}
        onResponderTerminationRequest={[Function]}
        onStartShouldSetResponder={[Function]}
        style={
          [
            {
              "opacity": 1,
            },
            {
              "left": 0,
              "padding": 10,
              "position": "absolute",
            },
          ]
        }
      >
        <SvgMock />
      </View>
      <View
        style={
          {
            "alignItems": "center",
            "marginHorizontal": 48,
          }
        }
      >
        <Text
          numberOfLines={1}
          style={
            {
              "color": "rgba(255, 255, 255, 1)",
              "fontFamily": "RobotoCondensed-Medium",
              "fontSize": 20,
              "fontWeight": "500",
              "lineHeight": 32,
            }
          }
        >
          Yeti Series Combiner
        </Text>
      </View>
    </View>
  </View>
  <View
    style={
      {
        "flex": 1,
        "marginHorizontal": 16,
        "marginVertical": 24,
      }
    }
  >
    <View
      style={
        [
          {
            "borderRadius": 16,
            "elevation": 2,
            "marginBottom": 8,
            "shadowColor": "rgba(0, 0, 0, 0.4)",
            "shadowOffset": {
              "height": 4,
              "width": 0,
            },
            "shadowOpacity": 0.7,
            "shadowRadius": 7,
          },
          undefined,
          undefined,
        ]
      }
    >
      <View
        style={
          [
            {
              "borderRadius": 16,
              "marginHorizontal": 1,
              "overflow": "hidden",
              "paddingTop": 1,
              "position": "relative",
            },
            undefined,
            undefined,
          ]
        }
      >
        <RNSVGSvgView
          bbHeight="100%"
          bbWidth="100%"
          focusable={false}
          height="100%"
          style={
            [
              {
                "backgroundColor": "transparent",
                "borderWidth": 0,
              },
              {
                "bottom": 0,
                "left": 0,
                "position": "absolute",
                "right": 0,
                "top": 0,
              },
              {
                "flex": 0,
                "height": "100%",
                "width": "100%",
              },
            ]
          }
          width="100%"
        >
          <RNSVGGroup
            fill={
              {
                "payload": 4278190080,
                "type": 0,
              }
            }
          >
            <RNSVGDefs>
              <RNSVGLinearGradient
                gradient={
                  [
                    0,
                    -13224394,
                    1,
                    1776411,
                  ]
                }
                gradientTransform={null}
                gradientUnits={0}
                name="grad"
                x1="0"
                x2="0"
                y1="0"
                y2="0.5"
              />
            </RNSVGDefs>
            <RNSVGRect
              fill={
                {
                  "brushRef": "grad",
                  "type": 1,
                }
              }
              height="100%"
              propList={
                [
                  "fill",
                ]
              }
              width="100%"
              x="0"
              y="0"
            />
          </RNSVGGroup>
        </RNSVGSvgView>
        <View
          style={
            [
              {
                "backgroundColor": "rgba(27, 27, 27, 1)",
                "borderRadius": 16,
                "paddingHorizontal": 12,
                "paddingVertical": 15,
              },
              undefined,
              undefined,
              undefined,
            ]
          }
        >
          <View
            accessibilityState={
              {
                "busy": undefined,
                "checked": undefined,
                "disabled": undefined,
                "expanded": undefined,
                "selected": undefined,
              }
            }
            accessibilityValue={
              {
                "max": undefined,
                "min": undefined,
                "now": undefined,
                "text": undefined,
              }
            }
            accessible={true}
            collapsable={false}
            focusable={true}
            onBlur={[Function]}
            onClick={[Function]}
            onFocus={[Function]}
            onResponderGrant={[Function]}
            onResponderMove={[Function]}
            onResponderRelease={[Function]}
            onResponderTerminate={[Function]}
            onResponderTerminationRequest={[Function]}
            onStartShouldSetResponder={[Function]}
            style={
              [
                {
                  "opacity": 1,
                },
                [
                  {
                    "zIndex": 1000,
                  },
                  undefined,
                  undefined,
                ],
              ]
            }
            testID="withPressable"
          >
            <View
              style={
                [
                  {
                    "flexDirection": "row",
                    "justifyContent": "space-between",
                  },
                  undefined,
                ]
              }
            >
              <View
                style={
                  [
                    {
                      "marginLeft": 8,
                    },
                    {
                      "marginRight": 8,
                    },
                  ]
                }
              >
                <SvgMock />
              </View>
              <View
                style={
                  [
                    {
                      "flex": 1,
                      "justifyContent": "center",
                    },
                    undefined,
                  ]
                }
              >
                <Text
                  ellipsizeMode="tail"
                  numberOfLines={1}
                  style={
                    [
                      {
                        "color": "rgba(147, 147, 147, 1)",
                        "fontFamily": "Roboto-Medium",
                        "fontSize": 14,
                        "fontWeight": "400",
                        "lineHeight": 20,
                      },
                      undefined,
                      {
                        "color": "rgba(255, 255, 255, 1)",
                      },
                    ]
                  }
                >
                  Yeti Series Combiner status indicator
                </Text>
              </View>
              <View
                style={
                  [
                    {
                      "alignItems": "center",
                      "flexDirection": "row",
                    },
                    false,
                  ]
                }
              >
                <SvgMock
                  style={
                    [
                      {
                        "marginLeft": 16,
                      },
                      undefined,
                    ]
                  }
                />
              </View>
            </View>
          </View>
        </View>
      </View>
    </View>
    <View
      style={
        {
          "borderColor": "rgba(54, 54, 54, 1)",
          "borderRadius": 8,
          "borderWidth": 1,
          "marginBottom": 12,
          "marginTop": 16,
          "paddingVertical": 8,
        }
      }
    >
      <View
        style={
          {
            "flexDirection": "row",
            "paddingHorizontal": 16,
            "paddingVertical": 8,
          }
        }
      >
        <Text
          style={
            {
              "color": "rgba(255, 255, 255, 1)",
              "flex": 1,
              "fontFamily": "Roboto-Medium",
              "fontSize": 16,
              "fontWeight": "400",
              "lineHeight": 24,
            }
          }
        >
          Model
        </Text>
        <Text
          style={
            {
              "color": "rgba(133, 133, 133, 1)",
              "fontFamily": "Roboto-Medium",
              "fontSize": 16,
              "fontWeight": "400",
              "lineHeight": 24,
            }
          }
        >
          Yeti Series Combiner
        </Text>
      </View>
      <View
        style={
          {
            "flexDirection": "row",
            "paddingHorizontal": 16,
            "paddingVertical": 8,
          }
        }
      >
        <Text
          style={
            {
              "color": "rgba(255, 255, 255, 1)",
              "flex": 1,
              "fontFamily": "Roboto-Medium",
              "fontSize": 16,
              "fontWeight": "400",
              "lineHeight": 24,
            }
          }
        >
          Status
        </Text>
        <View
          style={
            {
              "alignItems": "center",
              "flexDirection": "row",
            }
          }
        >
          <Text
            style={
              {
                "color": "rgba(133, 133, 133, 1)",
                "fontFamily": "Roboto-Medium",
                "fontSize": 16,
                "fontWeight": "400",
                "lineHeight": 24,
              }
            }
          >
            120V Available
          </Text>
          <View
            style={
              [
                {
                  "backgroundColor": "rgba(28, 154, 214, 1)",
                  "borderRadius": 6,
                  "height": 12,
                  "marginLeft": 8,
                  "marginVertical": 9,
                  "width": 12,
                },
                {
                  "backgroundColor": "rgba(3, 207, 3, 1)",
                },
              ]
            }
          />
        </View>
      </View>
      <View
        style={
          {
            "flexDirection": "row",
            "paddingHorizontal": 16,
            "paddingVertical": 8,
          }
        }
      >
        <Text
          style={
            {
              "color": "rgba(255, 255, 255, 1)",
              "flex": 1,
              "fontFamily": "Roboto-Medium",
              "fontSize": 16,
              "fontWeight": "400",
              "lineHeight": 24,
            }
          }
        >
          Combined Power Out
        </Text>
        <Text
          style={
            [
              {
                "color": "rgba(133, 133, 133, 1)",
                "fontFamily": "Roboto-Medium",
                "fontSize": 16,
                "fontWeight": "400",
                "lineHeight": 24,
              },
              {
                "color": "rgba(5, 209, 5, 1)",
              },
            ]
          }
        >
          0
           W
        </Text>
      </View>
    </View>
    <View
      style={
        [
          {
            "flex": 1,
          },
          {
            "flex": 0,
            "marginBottom": 8,
          },
        ]
      }
      testID="mainDevice"
    >
      <View
        style={
          [
            {
              "borderRadius": 16,
              "elevation": 2,
              "marginBottom": 8,
              "shadowColor": "rgba(0, 0, 0, 0.4)",
              "shadowOffset": {
                "height": 4,
                "width": 0,
              },
              "shadowOpacity": 0.7,
              "shadowRadius": 7,
            },
            {
              "position": "relative",
              "zIndex": 1000,
            },
            undefined,
          ]
        }
      >
        <View
          style={
            [
              {
                "borderRadius": 16,
                "marginHorizontal": 1,
                "overflow": "hidden",
                "paddingTop": 1,
                "position": "relative",
              },
              undefined,
              undefined,
            ]
          }
        >
          <RNSVGSvgView
            bbHeight="100%"
            bbWidth="100%"
            focusable={false}
            height="100%"
            style={
              [
                {
                  "backgroundColor": "transparent",
                  "borderWidth": 0,
                },
                {
                  "bottom": 0,
                  "left": 0,
                  "position": "absolute",
                  "right": 0,
                  "top": 0,
                },
                {
                  "flex": 0,
                  "height": "100%",
                  "width": "100%",
                },
              ]
            }
            width="100%"
          >
            <RNSVGGroup
              fill={
                {
                  "payload": 4278190080,
                  "type": 0,
                }
              }
            >
              <RNSVGDefs>
                <RNSVGLinearGradient
                  gradient={
                    [
                      0,
                      -13224394,
                      1,
                      1776411,
                    ]
                  }
                  gradientTransform={null}
                  gradientUnits={0}
                  name="grad"
                  x1="0"
                  x2="0"
                  y1="0"
                  y2="0.5"
                />
              </RNSVGDefs>
              <RNSVGRect
                fill={
                  {
                    "brushRef": "grad",
                    "type": 1,
                  }
                }
                height="100%"
                propList={
                  [
                    "fill",
                  ]
                }
                width="100%"
                x="0"
                y="0"
              />
            </RNSVGGroup>
          </RNSVGSvgView>
          <View
            style={
              [
                {
                  "backgroundColor": "rgba(27, 27, 27, 1)",
                  "borderRadius": 16,
                  "paddingHorizontal": 12,
                  "paddingVertical": 15,
                },
                {
                  "paddingBottom": 9,
                  "paddingTop": 16,
                  "paddingVertical": 9,
                },
                undefined,
                undefined,
              ]
            }
          >
            <View
              accessibilityState={
                {
                  "busy": undefined,
                  "checked": undefined,
                  "disabled": undefined,
                  "expanded": undefined,
                  "selected": undefined,
                }
              }
              accessibilityValue={
                {
                  "max": undefined,
                  "min": undefined,
                  "now": undefined,
                  "text": undefined,
                }
              }
              accessible={true}
              collapsable={false}
              focusable={true}
              onBlur={[Function]}
              onClick={[Function]}
              onFocus={[Function]}
              onResponderGrant={[Function]}
              onResponderMove={[Function]}
              onResponderRelease={[Function]}
              onResponderTerminate={[Function]}
              onResponderTerminationRequest={[Function]}
              onStartShouldSetResponder={[Function]}
              style={
                [
                  {
                    "opacity": 1,
                  },
                  [
                    {
                      "zIndex": 1000,
                    },
                    undefined,
                    undefined,
                  ],
                ]
              }
              testID="withPressable"
            >
              <View
                style={
                  [
                    {
                      "flexDirection": "row",
                      "justifyContent": "space-between",
                    },
                    undefined,
                  ]
                }
              >
                <View
                  style={
                    [
                      {
                        "marginLeft": 8,
                      },
                      undefined,
                    ]
                  }
                >
                  <View
                    style={
                      {
                        "alignItems": "center",
                        "height": 33,
                        "marginRight": 5,
                        "marginTop": 5,
                        "width": 32,
                      }
                    }
                  >
                    <SvgMock
                      color="rgba(0, 240, 255, 1)"
                    />
                  </View>
                </View>
                <View
                  style={
                    [
                      {
                        "flex": 1,
                        "justifyContent": "center",
                      },
                      undefined,
                    ]
                  }
                >
                  <View>
                    <View>
                      <Text
                        style={
                          {
                            "color": "rgba(133, 133, 133, 1)",
                            "fontFamily": "Roboto-Medium",
                            "fontSize": 12,
                            "fontWeight": "300",
                            "lineHeight": 16,
                          }
                        }
                      >
                        Power In - 
                        0
                         W
                      </Text>
                      <Text
                        style={
                          {
                            "color": "rgba(133, 133, 133, 1)",
                            "fontFamily": "Roboto-Medium",
                            "fontSize": 12,
                            "fontWeight": "300",
                            "lineHeight": 16,
                          }
                        }
                      >
                        Power Out - 
                        NaN
                         W
                      </Text>
                    </View>
                  </View>
                </View>
                <View
                  style={
                    [
                      {
                        "alignItems": "center",
                        "flexDirection": "row",
                      },
                      false,
                    ]
                  }
                >
                  <View
                    style={
                      {
                        "marginLeft": 16,
                      }
                    }
                  >
                    <Image
                      resizeMode="contain"
                      source={
                        {
                          "testUri": "../../../App/Images/Models/yeti1500x_front.png",
                        }
                      }
                      style={
                        {
                          "height": 64,
                          "width": 64,
                        }
                      }
                    />
                  </View>
                </View>
              </View>
            </View>
          </View>
        </View>
      </View>
      <View
        style={
          {
            "flex": 1,
            "flexDirection": "row",
          }
        }
      >
        <View
          style={
            {
              "width": 56,
            }
          }
        />
        <View
          style={
            {
              "flex": 1,
            }
          }
        />
      </View>
    </View>
    <View
      style={
        [
          {
            "borderRadius": 16,
            "elevation": 2,
            "marginBottom": 8,
            "shadowColor": "rgba(0, 0, 0, 0.4)",
            "shadowOffset": {
              "height": 4,
              "width": 0,
            },
            "shadowOpacity": 0.7,
            "shadowRadius": 7,
          },
          undefined,
          undefined,
        ]
      }
    >
      <View
        style={
          [
            {
              "borderRadius": 16,
              "marginHorizontal": 1,
              "overflow": "hidden",
              "paddingTop": 1,
              "position": "relative",
            },
            undefined,
            undefined,
          ]
        }
      >
        <RNSVGSvgView
          bbHeight="100%"
          bbWidth="100%"
          focusable={false}
          height="100%"
          style={
            [
              {
                "backgroundColor": "transparent",
                "borderWidth": 0,
              },
              {
                "bottom": 0,
                "left": 0,
                "position": "absolute",
                "right": 0,
                "top": 0,
              },
              {
                "flex": 0,
                "height": "100%",
                "width": "100%",
              },
            ]
          }
          width="100%"
        >
          <RNSVGGroup
            fill={
              {
                "payload": 4278190080,
                "type": 0,
              }
            }
          >
            <RNSVGDefs>
              <RNSVGLinearGradient
                gradient={
                  [
                    0,
                    -13224394,
                    1,
                    1776411,
                  ]
                }
                gradientTransform={null}
                gradientUnits={0}
                name="grad"
                x1="0"
                x2="0"
                y1="0"
                y2="0.5"
              />
            </RNSVGDefs>
            <RNSVGRect
              fill={
                {
                  "brushRef": "grad",
                  "type": 1,
                }
              }
              height="100%"
              propList={
                [
                  "fill",
                ]
              }
              width="100%"
              x="0"
              y="0"
            />
          </RNSVGGroup>
        </RNSVGSvgView>
        <View
          style={
            [
              {
                "backgroundColor": "rgba(27, 27, 27, 1)",
                "borderRadius": 16,
                "paddingHorizontal": 12,
                "paddingVertical": 15,
              },
              undefined,
              undefined,
              undefined,
            ]
          }
        >
          <View
            style={
              {
                "flexDirection": "row",
              }
            }
          >
            <SvgMock
              color="rgba(133, 133, 133, 1)"
              style={
                {
                  "marginLeft": 16,
                  "marginRight": 12,
                  "marginTop": 5,
                }
              }
            />
            <View
              style={
                {
                  "flex": 1,
                }
              }
            >
              <Text
                style={
                  [
                    {
                      "color": "rgba(133, 133, 133, 1)",
                      "fontFamily": "Roboto-Medium",
                      "fontSize": 14,
                      "fontWeight": "400",
                      "lineHeight": 20,
                      "marginBottom": 5,
                    },
                    false,
                  ]
                }
              >
                Yeti not detected
              </Text>
              <View
                style={
                  [
                    {
                      "backgroundColor": "rgba(54, 54, 54, 1)",
                      "borderRadius": 8,
                      "height": 10,
                      "marginVertical": 4,
                    },
                    {
                      "width": 90,
                    },
                  ]
                }
              />
              <View
                style={
                  [
                    {
                      "backgroundColor": "rgba(54, 54, 54, 1)",
                      "borderRadius": 8,
                      "height": 10,
                      "marginVertical": 4,
                    },
                    {
                      "width": 90,
                    },
                  ]
                }
              />
              <View
                style={
                  [
                    {
                      "backgroundColor": "rgba(54, 54, 54, 1)",
                      "borderRadius": 8,
                      "height": 10,
                      "marginVertical": 4,
                    },
                    {
                      "width": 122,
                    },
                  ]
                }
              />
            </View>
            <Image
              source={
                {
                  "testUri": "../../../App/Images/Models/placeholder.png",
                }
              }
              style={
                {
                  "alignSelf": "center",
                  "height": 76,
                  "right": -8,
                  "width": 78,
                }
              }
            />
          </View>
        </View>
      </View>
    </View>
  </View>
</View>
`;
