// Jest Snapshot v1, https://goo.gl/fbAQLP

exports[`ConnectedAccessories renders screen 1`] = `
<View
  style={
    {
      "backgroundColor": "rgba(27, 27, 27, 1)",
      "flex": 1,
    }
  }
>
  <View
    style={
      [
        {
          "backgroundColor": "rgba(27, 27, 27, 1)",
          "borderBottomLeftRadius": 24,
          "borderBottomRightRadius": 24,
          "elevation": 12,
          "shadowColor": "rgba(0, 0, 0, 1)",
          "shadowOffset": {
            "height": 4,
            "width": 4,
          },
          "shadowOpacity": 0.2,
          "shadowRadius": 12,
          "zIndex": 1,
        },
        {
          "paddingTop": 0,
        },
      ]
    }
  >
    <View
      style={
        {
          "alignItems": "center",
          "flexDirection": "row",
          "height": 60,
          "justifyContent": "center",
          "marginHorizontal": 24,
        }
      }
    >
      <View
        accessibilityState={
          {
            "busy": undefined,
            "checked": undefined,
            "disabled": undefined,
            "expanded": undefined,
            "selected": undefined,
          }
        }
        accessibilityValue={
          {
            "max": undefined,
            "min": undefined,
            "now": undefined,
            "text": undefined,
          }
        }
        accessible={true}
        collapsable={false}
        focusable={true}
        hitSlop={20}
        onBlur={[Function]}
        onClick={[Function]}
        onFocus={[Function]}
        onResponderGrant={[Function]}
        onResponderMove={[Function]}
        onResponderRelease={[Function]}
        onResponderTerminate={[Function]}
        onResponderTerminationRequest={[Function]}
        onStartShouldSetResponder={[Function]}
        style={
          [
            {
              "opacity": 1,
            },
            {
              "left": 0,
              "padding": 10,
              "position": "absolute",
            },
          ]
        }
      >
        <SvgMock />
      </View>
      <View
        style={
          {
            "alignItems": "center",
            "marginHorizontal": 48,
          }
        }
      >
        <Text
          numberOfLines={1}
          style={
            {
              "color": "rgba(255, 255, 255, 1)",
              "fontFamily": "RobotoCondensed-Medium",
              "fontSize": 20,
              "fontWeight": "500",
              "lineHeight": 32,
            }
          }
        >
          Connected Accessories
        </Text>
      </View>
    </View>
  </View>
  <RCTScrollView
    style={
      {
        "paddingHorizontal": 24,
        "paddingVertical": 16,
      }
    }
  >
    <View>
      <View
        style={
          [
            {
              "backgroundColor": "rgba(27, 27, 27, 1)",
              "borderRadius": 16,
              "paddingHorizontal": 12,
              "paddingVertical": 15,
            },
            undefined,
            {
              "marginBottom": 8,
              "marginHorizontal": 1,
              "paddingVertical": 16,
            },
            undefined,
          ]
        }
      >
        <View
          style={
            [
              {
                "flexDirection": "row",
              },
              undefined,
            ]
          }
        >
          <View
            style={
              {
                "alignItems": "center",
                "height": 32,
                "justifyContent": "center",
                "width": 32,
              }
            }
          >
            <SvgMock />
          </View>
          <View
            style={
              [
                {
                  "flex": 1,
                  "paddingLeft": 12,
                  "paddingRight": 12,
                },
                undefined,
                {
                  "paddingRight": 0,
                },
              ]
            }
          >
            <Text
              style={
                {
                  "color": "rgba(255, 255, 255, 0.87)",
                  "fontFamily": "Roboto-Medium",
                  "fontSize": 14,
                  "fontWeight": "400",
                  "lineHeight": 20,
                }
              }
            >
              Visit Goal Zero's website to shop for more products.
            </Text>
            <View
              accessibilityState={
                {
                  "busy": undefined,
                  "checked": undefined,
                  "disabled": undefined,
                  "expanded": undefined,
                  "selected": undefined,
                }
              }
              accessibilityValue={
                {
                  "max": undefined,
                  "min": undefined,
                  "now": undefined,
                  "text": undefined,
                }
              }
              accessible={true}
              collapsable={false}
              focusable={true}
              onBlur={[Function]}
              onClick={[Function]}
              onFocus={[Function]}
              onResponderGrant={[Function]}
              onResponderMove={[Function]}
              onResponderRelease={[Function]}
              onResponderTerminate={[Function]}
              onResponderTerminationRequest={[Function]}
              onStartShouldSetResponder={[Function]}
              style={
                [
                  {
                    "opacity": 1,
                  },
                  undefined,
                ]
              }
            >
              <Text
                style={
                  {
                    "color": "rgba(191, 210, 43, 1)",
                  }
                }
              >
                www.goalzero.com
              </Text>
            </View>
          </View>
        </View>
      </View>
      <View
        style={
          [
            {
              "borderRadius": 16,
              "elevation": 2,
              "marginBottom": 8,
              "shadowColor": "rgba(0, 0, 0, 0.4)",
              "shadowOffset": {
                "height": 4,
                "width": 0,
              },
              "shadowOpacity": 0.7,
              "shadowRadius": 7,
            },
            {
              "marginTop": 12,
            },
            undefined,
          ]
        }
      >
        <View
          style={
            [
              {
                "borderRadius": 16,
                "marginHorizontal": 1,
                "overflow": "hidden",
                "paddingTop": 1,
                "position": "relative",
              },
              undefined,
              undefined,
            ]
          }
        >
          <RNSVGSvgView
            bbHeight="100%"
            bbWidth="100%"
            focusable={false}
            height="100%"
            style={
              [
                {
                  "backgroundColor": "transparent",
                  "borderWidth": 0,
                },
                {
                  "bottom": 0,
                  "left": 0,
                  "position": "absolute",
                  "right": 0,
                  "top": 0,
                },
                {
                  "flex": 0,
                  "height": "100%",
                  "width": "100%",
                },
              ]
            }
            width="100%"
          >
            <RNSVGGroup
              fill={
                {
                  "payload": 4278190080,
                  "type": 0,
                }
              }
            >
              <RNSVGDefs>
                <RNSVGLinearGradient
                  gradient={
                    [
                      0,
                      -13224394,
                      1,
                      1776411,
                    ]
                  }
                  gradientTransform={null}
                  gradientUnits={0}
                  name="grad"
                  x1="0"
                  x2="0"
                  y1="0"
                  y2="0.5"
                />
              </RNSVGDefs>
              <RNSVGRect
                fill={
                  {
                    "brushRef": "grad",
                    "type": 1,
                  }
                }
                height="100%"
                propList={
                  [
                    "fill",
                  ]
                }
                width="100%"
                x="0"
                y="0"
              />
            </RNSVGGroup>
          </RNSVGSvgView>
          <View
            style={
              [
                {
                  "backgroundColor": "rgba(27, 27, 27, 1)",
                  "borderRadius": 16,
                  "paddingHorizontal": 12,
                  "paddingVertical": 15,
                },
                undefined,
                undefined,
                undefined,
              ]
            }
          >
            <View
              accessibilityState={
                {
                  "busy": undefined,
                  "checked": undefined,
                  "disabled": undefined,
                  "expanded": undefined,
                  "selected": undefined,
                }
              }
              accessibilityValue={
                {
                  "max": undefined,
                  "min": undefined,
                  "now": undefined,
                  "text": undefined,
                }
              }
              accessible={true}
              collapsable={false}
              focusable={true}
              onBlur={[Function]}
              onClick={[Function]}
              onFocus={[Function]}
              onResponderGrant={[Function]}
              onResponderMove={[Function]}
              onResponderRelease={[Function]}
              onResponderTerminate={[Function]}
              onResponderTerminationRequest={[Function]}
              onStartShouldSetResponder={[Function]}
              style={
                [
                  {
                    "opacity": 1,
                  },
                  [
                    {
                      "zIndex": 1000,
                    },
                    undefined,
                    undefined,
                  ],
                ]
              }
              testID="withPressable"
            >
              <View
                style={
                  [
                    {
                      "flexDirection": "row",
                      "justifyContent": "space-between",
                    },
                    undefined,
                  ]
                }
              >
                <View
                  style={
                    [
                      {
                        "marginLeft": 8,
                      },
                      undefined,
                    ]
                  }
                >
                  <SvgMock
                    color="rgba(147, 147, 147, 0.65)"
                  />
                </View>
                <View
                  style={
                    [
                      {
                        "flex": 1,
                        "justifyContent": "center",
                      },
                      {
                        "marginLeft": 10,
                      },
                    ]
                  }
                >
                  <Text
                    ellipsizeMode="tail"
                    numberOfLines={1}
                    style={
                      [
                        {
                          "color": "rgba(255, 255, 255, 0.87)",
                          "fontFamily": "Roboto-Medium",
                          "fontSize": 16,
                          "fontWeight": "400",
                          "lineHeight": 24,
                          "maxWidth": 210,
                        },
                        {
                          "color": "rgba(147, 147, 147, 1)",
                        },
                      ]
                    }
                  >
                    Escape Screen
                  </Text>
                  <Text
                    ellipsizeMode="tail"
                    style={
                      [
                        {
                          "color": "rgba(147, 147, 147, 1)",
                          "fontFamily": "Roboto-Medium",
                          "fontSize": 14,
                          "fontWeight": "400",
                          "lineHeight": 20,
                        },
                        undefined,
                        undefined,
                      ]
                    }
                  >
                    The Escape Screen icon is shown when it is detected on the High Voltage DC input port.
                  </Text>
                </View>
                <View
                  style={
                    [
                      {
                        "alignItems": "center",
                        "flexDirection": "row",
                      },
                      {
                        "alignItems": "flex-start",
                      },
                    ]
                  }
                >
                  <SvgMock
                    style={
                      [
                        {
                          "marginLeft": 16,
                        },
                        undefined,
                      ]
                    }
                  />
                </View>
              </View>
            </View>
          </View>
        </View>
      </View>
      <View
        style={
          [
            {
              "borderRadius": 16,
              "elevation": 2,
              "marginBottom": 8,
              "shadowColor": "rgba(0, 0, 0, 0.4)",
              "shadowOffset": {
                "height": 4,
                "width": 0,
              },
              "shadowOpacity": 0.7,
              "shadowRadius": 7,
            },
            {
              "marginTop": 12,
            },
            undefined,
          ]
        }
      >
        <View
          style={
            [
              {
                "borderRadius": 16,
                "marginHorizontal": 1,
                "overflow": "hidden",
                "paddingTop": 1,
                "position": "relative",
              },
              undefined,
              undefined,
            ]
          }
        >
          <RNSVGSvgView
            bbHeight="100%"
            bbWidth="100%"
            focusable={false}
            height="100%"
            style={
              [
                {
                  "backgroundColor": "transparent",
                  "borderWidth": 0,
                },
                {
                  "bottom": 0,
                  "left": 0,
                  "position": "absolute",
                  "right": 0,
                  "top": 0,
                },
                {
                  "flex": 0,
                  "height": "100%",
                  "width": "100%",
                },
              ]
            }
            width="100%"
          >
            <RNSVGGroup
              fill={
                {
                  "payload": 4278190080,
                  "type": 0,
                }
              }
            >
              <RNSVGDefs>
                <RNSVGLinearGradient
                  gradient={
                    [
                      0,
                      -13224394,
                      1,
                      1776411,
                    ]
                  }
                  gradientTransform={null}
                  gradientUnits={0}
                  name="grad"
                  x1="0"
                  x2="0"
                  y1="0"
                  y2="0.5"
                />
              </RNSVGDefs>
              <RNSVGRect
                fill={
                  {
                    "brushRef": "grad",
                    "type": 1,
                  }
                }
                height="100%"
                propList={
                  [
                    "fill",
                  ]
                }
                width="100%"
                x="0"
                y="0"
              />
            </RNSVGGroup>
          </RNSVGSvgView>
          <View
            style={
              [
                {
                  "backgroundColor": "rgba(27, 27, 27, 1)",
                  "borderRadius": 16,
                  "paddingHorizontal": 12,
                  "paddingVertical": 15,
                },
                undefined,
                undefined,
                undefined,
              ]
            }
          >
            <View
              accessibilityState={
                {
                  "busy": undefined,
                  "checked": undefined,
                  "disabled": undefined,
                  "expanded": undefined,
                  "selected": undefined,
                }
              }
              accessibilityValue={
                {
                  "max": undefined,
                  "min": undefined,
                  "now": undefined,
                  "text": undefined,
                }
              }
              accessible={true}
              collapsable={false}
              focusable={true}
              onBlur={[Function]}
              onClick={[Function]}
              onFocus={[Function]}
              onResponderGrant={[Function]}
              onResponderMove={[Function]}
              onResponderRelease={[Function]}
              onResponderTerminate={[Function]}
              onResponderTerminationRequest={[Function]}
              onStartShouldSetResponder={[Function]}
              style={
                [
                  {
                    "opacity": 1,
                  },
                  [
                    {
                      "zIndex": 1000,
                    },
                    undefined,
                    undefined,
                  ],
                ]
              }
              testID="withPressable"
            >
              <View
                style={
                  [
                    {
                      "flexDirection": "row",
                      "justifyContent": "space-between",
                    },
                    undefined,
                  ]
                }
              >
                <View
                  style={
                    [
                      {
                        "marginLeft": 8,
                      },
                      undefined,
                    ]
                  }
                >
                  <SvgMock
                    color="rgba(147, 147, 147, 0.65)"
                  />
                </View>
                <View
                  style={
                    [
                      {
                        "flex": 1,
                        "justifyContent": "center",
                      },
                      {
                        "marginLeft": 10,
                      },
                    ]
                  }
                >
                  <Text
                    ellipsizeMode="tail"
                    numberOfLines={1}
                    style={
                      [
                        {
                          "color": "rgba(255, 255, 255, 0.87)",
                          "fontFamily": "Roboto-Medium",
                          "fontSize": 16,
                          "fontWeight": "400",
                          "lineHeight": 24,
                          "maxWidth": 210,
                        },
                        {
                          "color": "rgba(147, 147, 147, 1)",
                        },
                      ]
                    }
                  >
                    Tank PRO
                  </Text>
                  <Text
                    ellipsizeMode="tail"
                    style={
                      [
                        {
                          "color": "rgba(147, 147, 147, 1)",
                          "fontFamily": "Roboto-Medium",
                          "fontSize": 14,
                          "fontWeight": "400",
                          "lineHeight": 20,
                        },
                        undefined,
                        undefined,
                      ]
                    }
                  >
                    Tank PRO expansion battery.
                  </Text>
                </View>
                <View
                  style={
                    [
                      {
                        "alignItems": "center",
                        "flexDirection": "row",
                      },
                      {
                        "alignItems": "flex-start",
                      },
                    ]
                  }
                >
                  <SvgMock
                    style={
                      [
                        {
                          "marginLeft": 16,
                        },
                        undefined,
                      ]
                    }
                  />
                </View>
              </View>
            </View>
          </View>
        </View>
      </View>
    </View>
  </RCTScrollView>
</View>
`;
