// Jest Snapshot v1, https://goo.gl/fbAQLP

exports[`MPTT renders screen 1`] = `
<View
  style={
    {
      "backgroundColor": "rgba(27, 27, 27, 1)",
      "flex": 1,
    }
  }
>
  <View
    style={
      [
        {
          "backgroundColor": "rgba(27, 27, 27, 1)",
          "borderBottomLeftRadius": 24,
          "borderBottomRightRadius": 24,
          "elevation": 12,
          "shadowColor": "rgba(0, 0, 0, 1)",
          "shadowOffset": {
            "height": 4,
            "width": 4,
          },
          "shadowOpacity": 0.2,
          "shadowRadius": 12,
          "zIndex": 1,
        },
        {
          "paddingTop": 0,
        },
      ]
    }
  >
    <View
      style={
        {
          "alignItems": "center",
          "flexDirection": "row",
          "height": 60,
          "justifyContent": "center",
          "marginHorizontal": 24,
        }
      }
    >
      <View
        accessibilityState={
          {
            "busy": undefined,
            "checked": undefined,
            "disabled": undefined,
            "expanded": undefined,
            "selected": undefined,
          }
        }
        accessibilityValue={
          {
            "max": undefined,
            "min": undefined,
            "now": undefined,
            "text": undefined,
          }
        }
        accessible={true}
        collapsable={false}
        focusable={true}
        hitSlop={20}
        onBlur={[Function]}
        onClick={[Function]}
        onFocus={[Function]}
        onResponderGrant={[Function]}
        onResponderMove={[Function]}
        onResponderRelease={[Function]}
        onResponderTerminate={[Function]}
        onResponderTerminationRequest={[Function]}
        onStartShouldSetResponder={[Function]}
        style={
          [
            {
              "opacity": 1,
            },
            {
              "left": 0,
              "padding": 10,
              "position": "absolute",
            },
          ]
        }
      >
        <SvgMock />
      </View>
      <View
        style={
          {
            "alignItems": "center",
            "marginHorizontal": 48,
          }
        }
      >
        <Text
          numberOfLines={1}
          style={
            {
              "color": "rgba(255, 255, 255, 1)",
              "fontFamily": "RobotoCondensed-Medium",
              "fontSize": 20,
              "fontWeight": "500",
              "lineHeight": 32,
            }
          }
        >
          MPPT
        </Text>
      </View>
    </View>
  </View>
  <View
    style={
      {
        "paddingHorizontal": 24,
        "paddingVertical": 16,
      }
    }
  >
    <View
      style={
        [
          {
            "paddingHorizontal": 12,
            "paddingVertical": 15,
          },
          {
            "marginTop": 12,
          },
        ]
      }
    >
      <View
        style={
          [
            {
              "flexDirection": "row",
              "justifyContent": "space-between",
            },
            undefined,
          ]
        }
      >
        <View
          style={
            [
              {
                "marginLeft": 8,
              },
              undefined,
            ]
          }
        >
          <SvgMock
            color="rgba(255, 255, 255, 1)"
          />
        </View>
        <View
          style={
            [
              {
                "flex": 1,
                "justifyContent": "center",
              },
              {
                "marginLeft": 10,
              },
            ]
          }
        >
          <Text
            ellipsizeMode="tail"
            numberOfLines={1}
            style={
              [
                {
                  "color": "rgba(255, 255, 255, 0.87)",
                  "fontFamily": "Roboto-Medium",
                  "fontSize": 16,
                  "fontWeight": "400",
                  "lineHeight": 24,
                  "maxWidth": 210,
                },
                undefined,
              ]
            }
          >
            MPPT
          </Text>
          <Text
            ellipsizeMode="tail"
            style={
              [
                {
                  "color": "rgba(147, 147, 147, 1)",
                  "fontFamily": "Roboto-Medium",
                  "fontSize": 14,
                  "fontWeight": "400",
                  "lineHeight": 20,
                },
                undefined,
                undefined,
              ]
            }
          >
            The MPPT connection is shown when a MPPT is detected on the expansion port.
          </Text>
        </View>
        <View
          style={
            [
              {
                "alignItems": "center",
                "flexDirection": "row",
              },
              {
                "alignItems": "flex-start",
              },
            ]
          }
        />
      </View>
    </View>
    <View
      style={
        [
          {
            "paddingHorizontal": 12,
            "paddingVertical": 15,
          },
          undefined,
        ]
      }
    >
      <View
        style={
          [
            {
              "flexDirection": "row",
              "justifyContent": "space-between",
            },
            undefined,
          ]
        }
      >
        <View
          style={
            [
              {
                "flex": 1,
                "justifyContent": "center",
              },
              undefined,
            ]
          }
        >
          <Text
            ellipsizeMode="tail"
            numberOfLines={1}
            style={
              [
                {
                  "color": "rgba(255, 255, 255, 0.87)",
                  "fontFamily": "Roboto-Medium",
                  "fontSize": 16,
                  "fontWeight": "400",
                  "lineHeight": 24,
                  "maxWidth": 210,
                },
                undefined,
              ]
            }
          >
            Firmware Version
          </Text>
          <Text
            ellipsizeMode="tail"
            numberOfLines={1}
            style={
              [
                {
                  "color": "rgba(147, 147, 147, 1)",
                  "fontFamily": "Roboto-Medium",
                  "fontSize": 14,
                  "fontWeight": "400",
                  "lineHeight": 20,
                },
                undefined,
                undefined,
              ]
            }
          >
            Updated by Yeti.
          </Text>
        </View>
        <View
          style={
            [
              {
                "alignItems": "center",
                "flexDirection": "row",
              },
              {
                "alignItems": "flex-start",
              },
            ]
          }
        >
          <View
            accessibilityState={
              {
                "busy": undefined,
                "checked": undefined,
                "disabled": undefined,
                "expanded": undefined,
                "selected": undefined,
              }
            }
            accessibilityValue={
              {
                "max": undefined,
                "min": undefined,
                "now": undefined,
                "text": undefined,
              }
            }
            accessible={true}
            collapsable={false}
            focusable={true}
            onBlur={[Function]}
            onClick={[Function]}
            onFocus={[Function]}
            onResponderGrant={[Function]}
            onResponderMove={[Function]}
            onResponderRelease={[Function]}
            onResponderTerminate={[Function]}
            onResponderTerminationRequest={[Function]}
            onStartShouldSetResponder={[Function]}
            style={
              [
                {
                  "opacity": 1,
                },
                undefined,
              ]
            }
          >
            <Text
              ellipsizeMode="clip"
              numberOfLines={1}
              style={
                [
                  {
                    "color": "rgba(255, 255, 255, 0.87)",
                    "fontFamily": "Roboto-Medium",
                    "fontSize": 16,
                    "fontWeight": "400",
                    "lineHeight": 24,
                    "maxWidth": 210,
                  },
                  undefined,
                ]
              }
            >
              Version 0
            </Text>
          </View>
        </View>
      </View>
    </View>
  </View>
</View>
`;
